<testsuites id="" name="" tests="23" failures="0" skipped="0" errors="0" time="7.44841">
<testsuite name="products/warehouse/tests/access-keys.spec.ts" timestamp="2026-09-12T01:18:26.154Z" hostname="warehouse" tests="4" failures="0" skipped="0" time="1.016" errors="0">
<testcase name="WebDAV AccessKey lifecycle › create AccessKey under /personal returns ak + sk" classname="products/warehouse/tests/access-keys.spec.ts" time="0.599">
<properties>
<property name="serial" value="">
</property>
</properties>
</testcase>
<testcase name="WebDAV AccessKey lifecycle › list shows the AccessKey we created" classname="products/warehouse/tests/access-keys.spec.ts" time="0.191">
<properties>
<property name="serial" value="">
</property>
</properties>
</testcase>
<testcase name="WebDAV AccessKey lifecycle › AccessKey authenticates WebDAV PROPFIND" classname="products/warehouse/tests/access-keys.spec.ts" time="0.127">
<properties>
<property name="serial" value="">
</property>
</properties>
</testcase>
<testcase name="WebDAV AccessKey lifecycle › revoke + delete the AccessKey" classname="products/warehouse/tests/access-keys.spec.ts" time="0.099">
<properties>
<property name="serial" value="">
</property>
</properties>
</testcase>
</testsuite>
<testsuite name="products/warehouse/tests/auth.spec.ts" timestamp="2026-09-12T01:18:26.154Z" hostname="warehouse" tests="6" failures="0" skipped="0" time="2.428" errors="0">
<testcase name="password login yields a JWT bound to a wallet address" classname="products/warehouse/tests/auth.spec.ts" time="0.353">
</testcase>
<testcase name="GET /api/v1/public/webdav/quota with JWT returns quota payload" classname="products/warehouse/tests/auth.spec.ts" time="0.676">
</testcase>
<testcase name="GET /api/v1/public/webdav/user/info returns the signed-in user" classname="products/warehouse/tests/auth.spec.ts" time="0.369">
</testcase>
<testcase name="WebDAV PROPFIND on root with Basic auth responds 207" classname="products/warehouse/tests/auth.spec.ts" time="0.383">
</testcase>
<testcase name="WebDAV PROPFIND on /personal/&lt;user&gt; with Basic auth lists user space" classname="products/warehouse/tests/auth.spec.ts" time="0.099">
</testcase>
<testcase name="WebDAV PUT then GET round-trip preserves bytes (Basic auth)" classname="products/warehouse/tests/auth.spec.ts" time="0.548">
</testcase>
</testsuite>
<testsuite name="products/warehouse/tests/s3-credentials.spec.ts" timestamp="2026-09-12T01:18:26.154Z" hostname="warehouse" tests="4" failures="0" skipped="0" time="0.454" errors="0">
<testcase name="S3 Credential lifecycle › S3 service endpoint is reachable on port 6066" classname="products/warehouse/tests/s3-credentials.spec.ts" time="0.069">
<properties>
<property name="serial" value="">
</property>
</properties>
</testcase>
<testcase name="S3 Credential lifecycle › create S3 Credential under /personal returns AK + Secret" classname="products/warehouse/tests/s3-credentials.spec.ts" time="0.146">
<properties>
<property name="serial" value="">
</property>
</properties>
</testcase>
<testcase name="S3 Credential lifecycle › list returns the S3 Credential we created" classname="products/warehouse/tests/s3-credentials.spec.ts" time="0.13">
<properties>
<property name="serial" value="">
</property>
</properties>
</testcase>
<testcase name="S3 Credential lifecycle › revoke + delete the S3 Credential" classname="products/warehouse/tests/s3-credentials.spec.ts" time="0.109">
<properties>
<property name="serial" value="">
</property>
</properties>
</testcase>
</testsuite>
<testsuite name="products/warehouse/tests/siwe.spec.ts" timestamp="2026-09-12T01:18:26.154Z" hostname="warehouse" tests="3" failures="0" skipped="0" time="0.2" errors="0">
<testcase name="SIWE challenge requires a checksum address" classname="products/warehouse/tests/siwe.spec.ts" time="0.044">
</testcase>
<testcase name="SIWE challenge -&gt; sign -&gt; verify returns a JWT bound to the wallet" classname="products/warehouse/tests/siwe.spec.ts" time="0.085">
</testcase>
<testcase name="SIWE verify rejects a signature from the wrong key" classname="products/warehouse/tests/siwe.spec.ts" time="0.071">
</testcase>
</testsuite>
<testsuite name="products/warehouse/tests/smoke.spec.ts" timestamp="2026-09-12T01:18:26.154Z" hostname="warehouse" tests="1" failures="0" skipped="0" time="2.608" errors="0">
<testcase name="home page renders a recognizable heading" classname="products/warehouse/tests/smoke.spec.ts" time="2.608">
</testcase>
</testsuite>
<testsuite name="products/warehouse/tests/ui-authenticated.spec.ts" timestamp="2026-09-12T01:18:26.154Z" hostname="warehouse" tests="1" failures="0" skipped="0" time="4.259" errors="0">
<testcase name="authenticated browser session renders the AppHeader post-login UI" classname="products/warehouse/tests/ui-authenticated.spec.ts" time="4.259">
</testcase>
</testsuite>
<testsuite name="products/warehouse/tests/ui-wallet.spec.ts" timestamp="2026-09-12T01:18:26.154Z" hostname="warehouse" tests="2" failures="0" skipped="0" time="7.355" errors="0">
<testcase name="landing page renders the wallet + passport login options" classname="products/warehouse/tests/ui-wallet.spec.ts" time="3.048">
</testcase>
<testcase name="wallet button click drives the SDK identity flow and surfaces a clean error" classname="products/warehouse/tests/ui-wallet.spec.ts" time="4.307">
</testcase>
</testsuite>
<testsuite name="products/warehouse/tests/webdav.spec.ts" timestamp="2026-09-12T01:18:26.154Z" hostname="warehouse" tests="2" failures="0" skipped="0" time="0.28" errors="0">
<testcase name="WebDAV PROPFIND root returns multi-status" classname="products/warehouse/tests/webdav.spec.ts" time="0.144">
</testcase>
<testcase name="WebDAV round-trip PUT then GET preserves body" classname="products/warehouse/tests/webdav.spec.ts" time="0.136">
</testcase>
</testsuite>
</testsuites>